---
source: tests/test_examples.rs
description: "--expect-fail --all-solvers -- verify tests/examples/fail/sorts/def_ret_sort.fly"
expression: combined_stdout_stderr
---

======== STDERR: ===========
sort checking error:
error: could not unify bool and s


