---
source: tests/test_examples.rs
description: "--expect-fail --all-solvers -- verify tests/examples/fail/sorts/redeclared_def.fly"
expression: combined_stdout_stderr
---

======== STDERR: ===========
sort checking error:
error: f was declared multiple times


