---
source: tests/test_examples.rs
description: "--expect-fail --all-solvers -- verify tests/examples/fail/sorts/sort_checking_two_sorts.fly"
expression: combined_stdout_stderr
---

======== STDERR: ===========
sort checking error:
error: expected s but found t
  ┌─ tests/examples/fail/sorts/sort_checking_two_sorts.fly:7:1
  │
7 │ assert forall x:s, y:t. x = y
  │ ^^^^^^^^^^^^^^^^^^^^^^^^^^^^^


