---
source: tests/test_examples.rs
description: "--expect-fail --all-solvers -- verify tests/examples/fail/sorts/sort_checking_two_sorts.fly"
expression: combined_stdout_stderr
---

======== STDERR: ===========
NotEqual(Id("s"), Id("t"))

