---
source: temporal-verifier/tests/test_examples.rs
description: "--all-solvers --name=houdini.1 -- infer houdini tests/examples/success/safety2.fly"
expression: combined_stdout_stderr
---
# inferred invariant:
assert always x
proof {
  invariant x
  invariant y
  invariant z
}
verifies!

======== STDERR: ===========

