---
source: temporal-verifier/tests/test_examples.rs
description: "--expect-fail --all-solvers --name=1 -- verify tests/examples/fail/safety1_proof_invariants.fly"
expression: combined_stdout_stderr
---

======== STDERR: ===========
verification errors:
error: init does not imply invariant
 = counter example:
   p = false
   q = false


