---
source: smtlib/src/proc.rs
expression: r.unwrap_err()
---
solver returned an error:
Parse Error: <stdin>:6.14: Symbol 'and' not declared as a variable

  (assert (= and or))
             ^

